The mean is :
13
The standard deviation is :
7.2111