Matrix 1: 3 4
1  2  3  4  
5  6  7  8  
9  10  11  12  
Matrix 2: 4 3
12  11  10  
9  8  7  
6  5  4  
3  2  1  
Product of Matrix 1 and Matrix 2: 3 3
60  50  40  
180  154  128  
300  258  216  
Product of Matrix 2 and Matrix 1: 4 4
157  190  223  256  
112  136  160  184  
67  82  97  112  
22  28  34  40  
